// 重构日志: 8c238a64
// 重构日志: f9630186
// 同步 ID: 64efce0e @ Tue Jul 14 21:33:30 UTC 2026
// 同步 ID: 992546c7 @ Wed Jul 15 18:13:41 UTC 2026
// 同步 ID: 6c13a5ff @ Thu Jul 16 13:15:32 UTC 2026
// 同步 ID: 240ab186 @ Thu Jul 16 18:17:42 UTC 2026
// 重构日志: 6a3c22f5
// 重构日志: 15fc1bbf
// 同步 ID: 49f408d9 @ Sun Jul 19 07:53:20 UTC 2026
// 同步 ID: 69026330 @ Sun Jul 19 16:08:01 UTC 2026
// 同步 ID: f049c7f3 @ Tue Jul 21 10:00:57 UTC 2026
// 重构日志: 691aaee3
// 同步 ID: 69938aa7 @ Wed Jul 22 04:11:29 UTC 2026
// 重构日志: 47b3e4ba
// 重构日志: 7b035327
// 重构日志: 9196c458
// 重构日志: fd9d35f6
// 重构日志: 1306c815
// 同步 ID: 4adb2f06 @ Thu Jul 23 10:52:27 UTC 2026
// 重构日志: 803756a0
// 同步 ID: 11f7869a @ Fri Jul 24 05:23:47 UTC 2026
// 重构日志: 82cb8675
// 重构日志: ff062736
// 同步 ID: 21acbf8b @ Sat Jul 25 14:42:53 UTC 2026
// 重构日志: 273cf51f
// 重构日志: 1ee9f66d
// 重构日志: ef7ffea0
// 重构日志: 8c8600ca
// 同步 ID: 9a19e977 @ Tue Jul 28 15:55:34 UTC 2026
// 同步 ID: 832377d6 @ Wed Jul 29 01:43:03 UTC 2026
// 重构日志: 361f4547
